// Jest Snapshot v1, https://goo.gl/fbAQLP

exports[`Load <ToDo /> SnapShot test 1`] = `ReactWrapper {}`;
