// Jest Snapshot v1, https://goo.gl/fbAQLP

exports[`Load <ToDoCompleteStatus /> SnapShot test 1`] = `ReactWrapper {}`;
