// Jest Snapshot v1, https://goo.gl/fbAQLP

exports[`Load <ToDoAction /> SnapShot test 1`] = `ReactWrapper {}`;
