// Jest Snapshot v1, https://goo.gl/fbAQLP

exports[`Load <ToDoList /> SnapShot test 1`] = `ReactWrapper {}`;
