// Jest Snapshot v1, https://goo.gl/fbAQLP

exports[`Load <ToDoStatus /> SnapShot test 1`] = `ReactWrapper {}`;
