// Jest Snapshot v1, https://goo.gl/fbAQLP

exports[`Load <ToDoItem /> SnapShot test 1`] = `ReactWrapper {}`;
