// Jest Snapshot v1, https://goo.gl/fbAQLP

exports[`Load <ToDoFilters /> SnapShot test 1`] = `ReactWrapper {}`;
